******************************************************************************
                  TI ARM Linker PC v20.2.6                     
******************************************************************************
>> Linked Wed Dec  7 08:34:52 2022

OUTPUT FILE NAME:   <final_project.out>
ENTRY POINT SYMBOL: "_c_int00_noargs"  address: 000067c1


MEMORY CONFIGURATION

         name            origin    length      used     unused   attr    fill
----------------------  --------  ---------  --------  --------  ----  --------
  FLASH                 00000000   00040000  00006ea7  00039159  R  X
  SRAM                  20000000   00008000  000012bf  00006d41  RW X


SEGMENT ALLOCATION MAP

run origin  load origin   length   init length attrs members
----------  ----------- ---------- ----------- ----- -------
00000000    00000000    00006ea8   00006ea8    r-x
  00000000    00000000    0000026c   0000026c    r-- .intvecs
  0000026c    0000026c    0000685c   0000685c    r-x .text
  00006ac8    00006ac8    00000337   00000337    r-- .const
  00006e00    00006e00    000000a8   000000a8    r-- .cinit
20000000    20000000    000012c5   00000000    rw-
  20000000    20000000    0000026c   00000000    rw- .vtable
  20000270    20000270    00000800   00000000    rw- .stack
  20000a70    20000a70    00000400   00000000    rw- .sysmem
  20000e70    20000e70    0000024a   00000000    rw- .bss
  200010bc    200010bc    00000209   00000000    rw- .data


SECTION ALLOCATION MAP

 output                                  attributes/
section   page    origin      length       input sections
--------  ----  ----------  ----------   ----------------
.intvecs   0    00000000    0000026c     
                  00000000    0000026c     tm4c123gh6pm_startup_ccs.obj (.intvecs)

.text      0    0000026c    0000685c     
                  0000026c    00000f78     Movement.obj (.text)
                  000011e4    00000a4e     rtsv7M4_T_le_v4SPD16_eabi.lib : _printfi.c.obj (.text:__TI_printfi)
                  00001c32    00000002                                   : _lock.c.obj (.text:_nop)
                  00001c34    000009d0                                   : e_pow.c.obj (.text:pow)
                  00002604    00000738                                   : k_rem_pio2.c.obj (.text:__kernel_rem_pio2)
                  00002d3c    000005e0                                   : s_sin.c.obj (.text:sin)
                  0000331c    0000055c     main.obj (.text)
                  00003878    00000328     lcd.obj (.text)
                  00003ba0    00000270     rtsv7M4_T_le_v4SPD16_eabi.lib : _printfi.c.obj (.text:_pconv_a)
                  00003e10    00000248     Timer.obj (.text)
                  00004058    000001dc     ping.obj (.text)
                  00004234    000001d0     rtsv7M4_T_le_v4SPD16_eabi.lib : _printfi.c.obj (.text:_pconv_g)
                  00004404    000001b6                                   : fd_add_t2.asm.obj (.text)
                  000045ba    00000002                                   : div0.asm.obj (.text)
                  000045bc    00000194     uart.obj (.text)
                  00004750    00000174     rtsv7M4_T_le_v4SPD16_eabi.lib : k_sin.c.obj (.text:__kernel_sin)
                  000048c4    00000170                                   : k_cos.c.obj (.text:__kernel_cos)
                  00004a34    0000015c     servo.obj (.text)
                  00004b90    00000158     rtsv7M4_T_le_v4SPD16_eabi.lib : e_sqrt.c.obj (.text:sqrt)
                  00004ce8    0000013c                                   : _printfi.c.obj (.text:_pconv_e)
                  00004e24    00000136                                   : fd_div_t2.asm.obj (.text)
                  00004f5a    00000002     --HOLE-- [fill = 0]
                  00004f5c    00000124                                   : _printfi.c.obj (.text:fcvt)
                  00005080    00000114                                   : fputs.c.obj (.text:fputs)
                  00005194    00000110                                   : s_scalbn.c.obj (.text:scalbn)
                  000052a4    00000100                                   : memory.c.obj (.text:aligned_alloc)
                  000053a4    000000fc                                   : fd_mul_t2.asm.obj (.text)
                  000054a0    000000f8                                   : s_floor.c.obj (.text:floor)
                  00005598    000000e4                                   : memory.c.obj (.text:free)
                  0000567c    000000dc                                   : setvbuf.c.obj (.text:setvbuf)
                  00005758    000000c4     adc.obj (.text)
                  0000581c    000000b1     rtsv7M4_T_le_v4SPD16_eabi.lib : _printfi.c.obj (.text:_ltostr)
                  000058cd    00000001     --HOLE-- [fill = 0]
                  000058ce    0000009c                                   : memcpy_t2.asm.obj (.text)
                  0000596a    00000096                                   : ull_div_t2.asm.obj (.text)
                  00005a00    0000008c                                   : fputc.c.obj (.text:fputc)
                  00005a8c    00000086                                   : fd_cmp_t2.asm.obj (.text:__aeabi_cdcmple)
                  00005b12    00000086                                   : fd_cmp_t2.asm.obj (.text:__aeabi_cdrcmple)
                  00005b98    0000007a                                   : memset_t2.asm.obj (.text)
                  00005c12    00000002     --HOLE-- [fill = 0]
                  00005c14    00000074                                   : fclose.c.obj (.text:__TI_closefile)
                  00005c88    00000070                                   : memory.c.obj (.text:split)
                  00005cf8    0000006e                                   : _printfi.c.obj (.text:_mcpy)
                  00005d66    0000006e                                   : fd_tos_t2.asm.obj (.text)
                  00005dd4    0000006c                                   : hostrename.c.obj (.text:HOSTrename)
                  00005e40    00000068                                   : hostlseek.c.obj (.text:HOSTlseek)
                  00005ea8    00000068                                   : copy_decompress_lzss.c.obj (.text:decompress:lzss:__TI_decompress_lzss)
                  00005f10    00000068                                   : printf.c.obj (.text:printf)
                  00005f78    00000064                                   : s_frexp.c.obj (.text:frexp)
                  00005fdc    00000064                                   : fseek.c.obj (.text:fseek)
                  00006040    00000062                                   : _io_perm.c.obj (.text:__TI_wrt_ok)
                  000060a2    00000002     --HOLE-- [fill = 0]
                  000060a4    00000060                                   : hostopen.c.obj (.text:HOSTopen)
                  00006104    0000005c                                   : close.c.obj (.text:close)
                  00006160    00000058                                   : hostread.c.obj (.text:HOSTread)
                  000061b8    00000058                                   : hostwrite.c.obj (.text:HOSTwrite)
                  00006210    00000056                                   : _printfi.c.obj (.text:_pconv_f)
                  00006266    00000054                                   : _ltoa.c.obj (.text:__TI_ltoa)
                  000062ba    00000052                                   : _printfi.c.obj (.text:_ecpy)
                  0000630c    0000004c                                   : fflush.c.obj (.text:__TI_doflush)
                  00006358    0000004c                                   : atoi.c.obj (.text:atoi)
                  000063a4    00000048                                   : exit.c.obj (.text:exit)
                  000063ec    00000048                                   : fd_toi_t2.asm.obj (.text)
                  00006434    00000044                                   : hostclose.c.obj (.text:HOSTclose)
                  00006478    00000044                                   : hostunlink.c.obj (.text:HOSTunlink)
                  000064bc    00000044                                   : autoinit.c.obj (.text:__TI_auto_init_nobinit_nopinit:__TI_auto_init_nobinit_nopinit)
                  00006500    00000044                                   : getdevice.c.obj (.text:getdevice)
                  00006544    00000040     music.obj (.text)
                  00006584    00000040     rtsv7M4_T_le_v4SPD16_eabi.lib : sprintf.c.obj (.text:sprintf)
                  000065c4    00000040                                   : vsnprintf.c.obj (.text:vsnprintf)
                  00006604    0000003e                                   : _printfi.c.obj (.text:_fcpy)
                  00006642    00000002     --HOLE-- [fill = 0]
                  00006644    00000038                                   : trgmsg.c.obj (.text:__TI_writemsg)
                  0000667c    00000038                                   : memory.c.obj (.text:calloc)
                  000066b4    00000038                                   : fs_tod_t2.asm.obj (.text)
                  000066ec    00000036                                   : strncpy.c.obj (.text:strncpy)
                  00006722    00000002     --HOLE-- [fill = 0]
                  00006724    00000034     driverlib.lib : interrupt.obj (.text:IntRegister)
                  00006758    00000034     rtsv7M4_T_le_v4SPD16_eabi.lib : fopen.c.obj (.text:__TI_cleanup)
                  0000678c    00000034                                   : trgmsg.c.obj (.text:__TI_readmsg)
                  000067c0    00000034                                   : boot_cortex_m.c.obj (.text:_c_int00_noargs:_c_int00_noargs)
                  000067f4    00000030                                   : vsnprintf.c.obj (.text:_outs)
                  00006824    00000030                                   : getdevice.c.obj (.text:finddevice)
                  00006854    0000002e                                   : i_tofd_t2.asm.obj (.text)
                  00006882    00000002     --HOLE-- [fill = 0]
                  00006884    0000002c                                   : unlink.c.obj (.text:unlink)
                  000068b0    00000028                                   : memory.c.obj (.text:free_list_insert)
                  000068d8    00000028                                   : lseek.c.obj (.text:lseek)
                  00006900    00000028                                   : write.c.obj (.text:write)
                  00006928    00000020                                   : memchr.c.obj (.text:memchr)
                  00006948    0000001c                                   : memory.c.obj (.text:free_list_remove)
                  00006964    0000001c                                   : memccpy.c.obj (.text:memccpy)
                  00006980    0000001a                                   : s_copysign.c.obj (.text:copysign)
                  0000699a    00000018                                   : vsnprintf.c.obj (.text:_outc)
                  000069b2    00000018                                   : sprintf.c.obj (.text:_outs)
                  000069ca    00000018     Movement.obj (.text:oi_parseInt)
                  000069e2    00000018     rtsv7M4_T_le_v4SPD16_eabi.lib : strcmp.c.obj (.text:strcmp)
                  000069fa    00000016                                   : strchr.c.obj (.text:strchr)
                  00006a10    00000014                                   : strcpy.c.obj (.text:strcpy)
                  00006a24    00000014                                   : strlen.c.obj (.text:strlen)
                  00006a38    00000012                                   : wcslen.c.obj (.text:wcslen)
                  00006a4a    00000010     driverlib.lib : interrupt.obj (.text:IntMasterEnable)
                  00006a5a    00000010     lcd.obj (.text:lcd_clear)
                  00006a6a    0000000e     rtsv7M4_T_le_v4SPD16_eabi.lib : copy_decompress_none.c.obj (.text:decompress:none:__TI_decompress_none)
                  00006a78    0000000c     driverlib.lib : cpu.obj (.text:CPUcpsie)
                  00006a84    0000000c     rtsv7M4_T_le_v4SPD16_eabi.lib : copy_zero_init.c.obj (.text:decompress:ZI:__TI_zero_init)
                  00006a90    0000000c     tm4c123gh6pm_startup_ccs.obj (.text)
                  00006a9c    0000000a     rtsv7M4_T_le_v4SPD16_eabi.lib : sprintf.c.obj (.text:_outc)
                  00006aa6    00000002     --HOLE-- [fill = 0]
                  00006aa8    00000008                                   : errno.c.obj (.text:__aeabi_errno_addr)
                  00006ab0    00000008                                   : memory.c.obj (.text:malloc)
                  00006ab8    00000004                                   : printf.c.obj (.text:_outc)
                  00006abc    00000004                                   : printf.c.obj (.text:_outs)
                  00006ac0    00000004                                   : pre_init.c.obj (.text:_system_pre_init)
                  00006ac4    00000004                                   : exit.c.obj (.text:abort:abort)

.const     0    00006ac8    00000337     
                  00006ac8    00000158     rtsv7M4_T_le_v4SPD16_eabi.lib : k_rem_pio2.c.obj (.const:$O1$$)
                  00006c20    00000101                                   : ctype.c.obj (.const:.string:_ctypes_)
                  00006d21    00000006     main.obj (.const:.string:$P$T4$5)
                  00006d27    00000001     --HOLE-- [fill = 0]
                  00006d28    00000030     rtsv7M4_T_le_v4SPD16_eabi.lib : e_pow.c.obj (.const:$O1$$)
                  00006d58    00000013     main.obj (.const:.string:$P$T7$8)
                  00006d6b    00000013     main.obj (.const:.string:$P$T8$9)
                  00006d7e    0000000f     Movement.obj (.const:.string:$P$T0$3)
                  00006d8d    0000000e     main.obj (.const:.string:$P$T1$2)
                  00006d9b    0000000e     Movement.obj (.const:.string:$P$T2$10)
                  00006da9    0000000d     Movement.obj (.const:.string:$P$T1$9)
                  00006db6    0000000c     main.obj (.const:.string:$P$T2$3)
                  00006dc2    0000000b     music.obj (.const:.string:$P$T0$1)
                  00006dcd    0000000b     music.obj (.const:.string:$P$T1$2)
                  00006dd8    00000009     main.obj (.const:.string:$P$T5$6)
                  00006de1    00000008     main.obj (.const:.string:$P$T0$1)
                  00006de9    00000008     main.obj (.const:.string:$P$T3$4)
                  00006df1    00000006     main.obj (.const:.string:$P$T6$7)
                  00006df7    00000004     lcd.obj (.const:.string:lineAddress$1)
                  00006dfb    00000004     lcd.obj (.const:.string:lineAddresses$2)

.cinit     0    00006e00    000000a8     
                  00006e00    00000071     (.cinit..data.load) [load image, compression = lzss]
                  00006e71    00000003     --HOLE-- [fill = 0]
                  00006e74    0000000c     (__TI_handler_table)
                  00006e80    00000008     (.cinit..bss.load) [load image, compression = zero_init]
                  00006e88    00000008     (.cinit..vtable.load) [load image, compression = zero_init]
                  00006e90    00000018     (__TI_cinit_table)

.init_array 
*          0    00000000    00000000     UNINITIALIZED

.vtable    0    20000000    0000026c     UNINITIALIZED
                  20000000    0000026c     driverlib.lib : interrupt.obj (.vtable)

.stack     0    20000270    00000800     UNINITIALIZED
                  20000270    00000004     rtsv7M4_T_le_v4SPD16_eabi.lib : boot_cortex_m.c.obj (.stack)
                  20000274    000007fc     --HOLE--

.sysmem    0    20000a70    00000400     UNINITIALIZED
                  20000a70    00000010     rtsv7M4_T_le_v4SPD16_eabi.lib : memory.c.obj (.sysmem)
                  20000a80    000003f0     --HOLE--

.bss       0    20000e70    0000024a     UNINITIALIZED
                  20000e70    00000120     rtsv7M4_T_le_v4SPD16_eabi.lib : trgmsg.c.obj (.bss:_CIOBUF_)
                  20000f90    000000a0     (.common:__TI_tmpnams)
                  20001030    00000054     lcd.obj (.bss:lastbuffer$3)
                  20001084    00000018     Movement.obj (.bss:firmware$2)
                  2000109c    00000008     (.common:parmbuf)
                  200010a4    00000004     (.common:_timeout_ticks)
                  200010a8    00000004     (.common:falling_time)
                  200010ac    00000004     (.common:pulse_width)
                  200010b0    00000004     (.common:rising_time)
                  200010b4    00000004     (.common:uart_event)
                  200010b8    00000001     (.common:state)
                  200010b9    00000001     (.common:uart_typed)

.data      0    200010bc    00000209     UNINITIALIZED
                  200010bc    000000f0     rtsv7M4_T_le_v4SPD16_eabi.lib : defs.c.obj (.data:_ftable)
                  200011ac    00000078                                   : host_device.c.obj (.data:_device)
                  20001224    00000050                                   : host_device.c.obj (.data:_stream)
                  20001274    00000020     Movement.obj (.data)
                  20001294    00000010     rtsv7M4_T_le_v4SPD16_eabi.lib : defs.c.obj (.data)
                  200012a4    0000000c                                   : exit.c.obj (.data:$O1$$)
                  200012b0    00000008                                   : _lock.c.obj (.data:$O1$$)
                  200012b8    00000008                                   : memory.c.obj (.data:$O1$$)
                  200012c0    00000004                                   : errno.c.obj (.data)
                  200012c4    00000001     Timer.obj (.data)

__llvm_prf_cnts 
*          0    20000000    00000000     UNINITIALIZED

MODULE SUMMARY

       Module                         code    ro data   rw data
       ------                         ----    -------   -------
    .\
       Movement.obj                   3984    42        61     
       main.obj                       1372    101       0      
       lcd.obj                        824     8         84     
       tm4c123gh6pm_startup_ccs.obj   12      620       0      
       Timer.obj                      584     0         5      
       ping.obj                       476     0         9      
       uart.obj                       404     0         0      
       servo.obj                      348     0         0      
       adc.obj                        196     0         0      
       music.obj                      64      22        0      
       button.obj                     0       0         4      
    +--+------------------------------+-------+---------+---------+
       Total:                         8264    793       163    
                                                               
    C:/ti/TivaWare_C_Series-2.2.0.295/driverlib/ccs/Debug/driverlib.lib
       interrupt.obj                  68      0         620    
       cpu.obj                        12      0         0      
    +--+------------------------------+-------+---------+---------+
       Total:                         80      0         620    
                                                               
    C:\ti\ccs1200\ccs\tools\compiler\ti-cgt-arm_20.2.6.LTS\lib\rtsv7M4_T_le_v4SPD16_eabi.lib
       _printfi.c.obj                 4851    0         0      
       e_pow.c.obj                    2512    48        0      
       k_rem_pio2.c.obj               1848    344       0      
       s_sin.c.obj                    1504    0         0      
       memory.c.obj                   728     0         8      
       fd_add_t2.asm.obj              438     0         0      
       defs.c.obj                     0       0         416    
       trgmsg.c.obj                   108     0         288    
       k_sin.c.obj                    372     0         0      
       k_cos.c.obj                    368     0         0      
       e_sqrt.c.obj                   344     0         0      
       fd_div_t2.asm.obj              310     0         0      
       fputs.c.obj                    276     0         0      
       s_scalbn.c.obj                 272     0         0      
       fd_cmp_t2.asm.obj              268     0         0      
       ctype.c.obj                    0       257       0      
       fd_mul_t2.asm.obj              252     0         0      
       s_floor.c.obj                  248     0         0      
       setvbuf.c.obj                  220     0         0      
       host_device.c.obj              0       0         200    
       memcpy_t2.asm.obj              156     0         0      
       ull_div_t2.asm.obj             150     0         0      
       fputc.c.obj                    140     0         0      
       vsnprintf.c.obj                136     0         0      
       memset_t2.asm.obj              122     0         0      
       fclose.c.obj                   116     0         0      
       getdevice.c.obj                116     0         0      
       printf.c.obj                   112     0         0      
       fd_tos_t2.asm.obj              110     0         0      
       hostrename.c.obj               108     0         0      
       copy_decompress_lzss.c.obj     104     0         0      
       hostlseek.c.obj                104     0         0      
       hostopen.c.obj                 96      0         8      
       fseek.c.obj                    100     0         0      
       s_frexp.c.obj                  100     0         0      
       _io_perm.c.obj                 98      0         0      
       sprintf.c.obj                  98      0         0      
       close.c.obj                    92      0         0      
       exit.c.obj                     76      0         12     
       hostread.c.obj                 88      0         0      
       hostwrite.c.obj                88      0         0      
       _ltoa.c.obj                    84      0         0      
       atoi.c.obj                     76      0         0      
       fflush.c.obj                   76      0         0      
       fd_toi_t2.asm.obj              72      0         0      
       autoinit.c.obj                 68      0         0      
       hostclose.c.obj                68      0         0      
       hostunlink.c.obj               68      0         0      
       fs_tod_t2.asm.obj              56      0         0      
       strncpy.c.obj                  54      0         0      
       boot_cortex_m.c.obj            52      0         0      
       fopen.c.obj                    52      0         0      
       i_tofd_t2.asm.obj              46      0         0      
       unlink.c.obj                   44      0         0      
       lseek.c.obj                    40      0         0      
       write.c.obj                    40      0         0      
       memchr.c.obj                   32      0         0      
       memccpy.c.obj                  28      0         0      
       s_copysign.c.obj               26      0         0      
       strcmp.c.obj                   24      0         0      
       strchr.c.obj                   22      0         0      
       strcpy.c.obj                   20      0         0      
       strlen.c.obj                   20      0         0      
       wcslen.c.obj                   18      0         0      
       copy_decompress_none.c.obj     14      0         0      
       copy_zero_init.c.obj           12      0         0      
       errno.c.obj                    8       0         4      
       _lock.c.obj                    2       0         8      
       pre_init.c.obj                 4       0         0      
       div0.asm.obj                   2       0         0      
    +--+------------------------------+-------+---------+---------+
       Total:                         18357   649       944    
                                                               
       Heap:                          0       0         1024   
       Stack:                         0       0         2048   
       Linker Generated:              0       165       0      
    +--+------------------------------+-------+---------+---------+
       Grand Total:                   26701   1607      4799   


LINKER GENERATED COPY TABLES

__TI_cinit_table @ 00006e90 records: 3, size/record: 8, table size: 24
	.data: load addr=00006e00, load size=00000071 bytes, run addr=200010bc, run size=00000209 bytes, compression=lzss
	.bss: load addr=00006e80, load size=00000008 bytes, run addr=20000e70, run size=0000024a bytes, compression=zero_init
	.vtable: load addr=00006e88, load size=00000008 bytes, run addr=20000000, run size=0000026c bytes, compression=zero_init


LINKER GENERATED HANDLER TABLE

__TI_handler_table @ 00006e74 records: 3, size/record: 4, table size: 12
	index: 0, handler: __TI_zero_init
	index: 1, handler: __TI_decompress_lzss
	index: 2, handler: __TI_decompress_none


GLOBAL SYMBOLS: SORTED ALPHABETICALLY BY Name 

address   name                           
-------   ----                           
00006ac5  C$$EXIT                        
00006673  C$$IO$$                        
00006a79  CPUcpsie                       
00000bc9  GPIOF_Handler                  
00006435  HOSTclose                      
00005e41  HOSTlseek                      
000060a5  HOSTopen                       
00006161  HOSTread                       
00005dd5  HOSTrename                     
00006479  HOSTunlink                     
000061b9  HOSTwrite                      
00006a4b  IntMasterEnable                
00006725  IntRegister                    
00006a91  ResetISR                       
0000418d  TIMER3B_Interrupt_Handler      
20000e70  __CIOBUF_                      
20000a70  __STACK_END                    
00000800  __STACK_SIZE                   
20000470  __STACK_TOP                    
00000400  __SYSMEM_SIZE                  
00006e90  __TI_CINIT_Base                
00006ea8  __TI_CINIT_Limit               
00006e74  __TI_Handler_Table_Base        
00006e80  __TI_Handler_Table_Limit       
000064bd  __TI_auto_init_nobinit_nopinit 
00006759  __TI_cleanup                   
200012a4  __TI_cleanup_ptr               
00005c15  __TI_closefile                 
00005ea9  __TI_decompress_lzss           
00006a6b  __TI_decompress_none           
0000630d  __TI_doflush                   
200012a8  __TI_dtors_ptr                 
200012ac  __TI_enable_exit_profile_output
20001294  __TI_ft_end                    
00006267  __TI_ltoa                      
ffffffff  __TI_pprof_out_hndl            
000011e5  __TI_printfi                   
ffffffff  __TI_prof_data_size            
ffffffff  __TI_prof_data_start           
0000678d  __TI_readmsg                   
00000000  __TI_static_base__             
20000f90  __TI_tmpnams                   
00006645  __TI_writemsg                  
00006041  __TI_wrt_ok                    
00006a85  __TI_zero_init                 
00005a8d  __aeabi_cdcmpeq                
00005a8d  __aeabi_cdcmple                
00005b13  __aeabi_cdrcmple               
00005d67  __aeabi_d2f                    
000063ed  __aeabi_d2iz                   
0000440f  __aeabi_dadd                   
00004e25  __aeabi_ddiv                   
000053a5  __aeabi_dmul                   
00004405  __aeabi_dsub                   
00006aa9  __aeabi_errno_addr             
000066b5  __aeabi_f2d                    
00006855  __aeabi_i2d                    
000045bb  __aeabi_idiv0                  
000045bb  __aeabi_ldiv0                  
00005b99  __aeabi_memclr                 
00005b99  __aeabi_memclr4                
00005b99  __aeabi_memclr8                
000058cf  __aeabi_memcpy                 
000058cf  __aeabi_memcpy4                
000058cf  __aeabi_memcpy8                
00005b9b  __aeabi_memset                 
00005b9b  __aeabi_memset4                
00005b9b  __aeabi_memset8                
200012a0  __aeabi_stderr                 
20001298  __aeabi_stdin                  
2000129c  __aeabi_stdout                 
0000596b  __aeabi_uldivmod               
ffffffff  __binit__                      
ffffffff  __c_args__                     
000048c5  __kernel_cos                   
00002605  __kernel_rem_pio2              
00004751  __kernel_sin                   
UNDEFED   __mpu_init                     
20000270  __stack                        
20000000  __start___llvm_prf_cnts        
20000000  __stop___llvm_prf_cnts         
000067c1  _c_int00_noargs                
00006c20  _ctypes_                       
200011ac  _device                        
200010bc  _ftable                        
200012b0  _lock                          
00001c33  _nop                           
200012c4  _running                       
20001224  _stream                        
20000a70  _sys_memory                    
UNDEFED   _system_post_cinit             
00006ac1  _system_pre_init               
200010a4  _timeout_ticks                 
200012b4  _unlock                        
00006ac5  abort                          
00005759  adc_init                       
000057cb  adc_read                       
000052a5  aligned_alloc                  
00006359  atoi                           
ffffffff  binit                          
0000667d  calloc                         
00006105  close                          
00006981  copysign                       
00006981  copysignl                      
200012c0  errno                          
000063a5  exit                           
200010a8  falling_time                   
00006825  finddevice                     
000054a1  floor                          
000054a1  floorl                         
00005a01  fputc                          
00005081  fputs                          
00005599  free                           
00005f79  frexp                          
00005f79  frexpl                         
00005fdd  fseek                          
20000000  g_pfnRAMVectors                
00000000  g_pfnVectors                   
00006501  getdevice                      
00000985  go_charge                      
00006a5b  lcd_clear                      
00003a4d  lcd_gotoLine                   
000038b5  lcd_init                       
00003ab3  lcd_printf                     
00003975  lcd_putc                       
000039ad  lcd_puts                       
00003879  lcd_reverseNibble              
000039cb  lcd_sendCommand                
00003a09  lcd_sendNibble                 
00003a75  lcd_setCursorPos               
00005195  ldexp                          
00005195  ldexpl                         
00006545  load_songs                     
000068d9  lseek                          
0000331d  main                           
00006ab1  malloc                         
000052a5  memalign                       
00006965  memccpy                        
00006929  memchr                         
000058cf  memcpy                         
00005ba1  memset                         
20001274  motor_cal_factor_L             
20001278  motor_cal_factor_R             
0000026d  oi_alloc                       
00000aaf  oi_checkFirmware               
000002c7  oi_close                       
00000279  oi_free                        
00000df5  oi_getMotorCalibrationLeft     
00000e05  oi_getMotorCalibrationRight    
000002b1  oi_init                        
00000289  oi_init_noupdate               
0000091b  oi_loadSong                    
00000fcd  oi_moveBackward                
00000e85  oi_moveForward                 
000069cb  oi_parseInt                    
0000032b  oi_parsePacket                 
00000971  oi_play_song                   
00000851  oi_setLeds                     
00000db9  oi_setMotorCalibration         
00000895  oi_setWheels                   
00000b57  oi_shutoff_init                
00001099  oi_turnClockwise               
00001045  oi_turnCounterClockwise        
00000993  oi_uartInit                    
00000a37  oi_uartReceive                 
00000a7d  oi_uartSendBuff                
00000a1b  oi_uartSendChar                
00000a5f  oi_uartSendStr                 
000002d9  oi_update                      
2000109c  parmbuf                        
000041c3  ping_interrupt_init            
000040df  ping_read                      
00004121  ping_sendPulse                 
00004059  ping_sensor_init               
00001c35  pow                            
00001c35  powl                           
00005f11  printf                         
200010ac  pulse_width                    
00005a01  putc                           
00006885  remove                         
200010b0  rising_time                    
00005195  scalbn                         
00005195  scalbnl                        
00004a35  servo_init                     
00004b03  servo_move                     
0000567d  setvbuf                        
00002d3d  sin                            
00002d3d  sinl                           
00006585  sprintf                        
00004b91  sqrt                           
00004b91  sqrtl                          
200010b8  state                          
000069fb  strchr                         
000069e3  strcmp                         
00006a11  strcpy                         
00006a25  strlen                         
000066ed  strncpy                        
00003f2f  timer_getMicros                
00003ed7  timer_getMillis                
00003e11  timer_init                     
00003eb3  timer_pause                    
00003ec5  timer_resume                   
00003e89  timer_stop                     
00003f89  timer_waitMicros               
00003fbb  timer_waitMillis               
200010b4  uart_event                     
000045bd  uart_init                      
000046d5  uart_interrupt_handler         
000046af  uart_interrupt_init            
00004651  uart_receive                   
00004635  uart_sendChar                  
00004689  uart_sendStr                   
200010b9  uart_typed                     
00006885  unlink                         
000065c5  vsnprintf                      
00006a39  wcslen                         
00006901  write                          


GLOBAL SYMBOLS: SORTED BY Symbol Address 

address   name                           
-------   ----                           
00000000  __TI_static_base__             
00000000  g_pfnVectors                   
0000026d  oi_alloc                       
00000279  oi_free                        
00000289  oi_init_noupdate               
000002b1  oi_init                        
000002c7  oi_close                       
000002d9  oi_update                      
0000032b  oi_parsePacket                 
00000400  __SYSMEM_SIZE                  
00000800  __STACK_SIZE                   
00000851  oi_setLeds                     
00000895  oi_setWheels                   
0000091b  oi_loadSong                    
00000971  oi_play_song                   
00000985  go_charge                      
00000993  oi_uartInit                    
00000a1b  oi_uartSendChar                
00000a37  oi_uartReceive                 
00000a5f  oi_uartSendStr                 
00000a7d  oi_uartSendBuff                
00000aaf  oi_checkFirmware               
00000b57  oi_shutoff_init                
00000bc9  GPIOF_Handler                  
00000db9  oi_setMotorCalibration         
00000df5  oi_getMotorCalibrationLeft     
00000e05  oi_getMotorCalibrationRight    
00000e85  oi_moveForward                 
00000fcd  oi_moveBackward                
00001045  oi_turnCounterClockwise        
00001099  oi_turnClockwise               
000011e5  __TI_printfi                   
00001c33  _nop                           
00001c35  pow                            
00001c35  powl                           
00002605  __kernel_rem_pio2              
00002d3d  sin                            
00002d3d  sinl                           
0000331d  main                           
00003879  lcd_reverseNibble              
000038b5  lcd_init                       
00003975  lcd_putc                       
000039ad  lcd_puts                       
000039cb  lcd_sendCommand                
00003a09  lcd_sendNibble                 
00003a4d  lcd_gotoLine                   
00003a75  lcd_setCursorPos               
00003ab3  lcd_printf                     
00003e11  timer_init                     
00003e89  timer_stop                     
00003eb3  timer_pause                    
00003ec5  timer_resume                   
00003ed7  timer_getMillis                
00003f2f  timer_getMicros                
00003f89  timer_waitMicros               
00003fbb  timer_waitMillis               
00004059  ping_sensor_init               
000040df  ping_read                      
00004121  ping_sendPulse                 
0000418d  TIMER3B_Interrupt_Handler      
000041c3  ping_interrupt_init            
00004405  __aeabi_dsub                   
0000440f  __aeabi_dadd                   
000045bb  __aeabi_idiv0                  
000045bb  __aeabi_ldiv0                  
000045bd  uart_init                      
00004635  uart_sendChar                  
00004651  uart_receive                   
00004689  uart_sendStr                   
000046af  uart_interrupt_init            
000046d5  uart_interrupt_handler         
00004751  __kernel_sin                   
000048c5  __kernel_cos                   
00004a35  servo_init                     
00004b03  servo_move                     
00004b91  sqrt                           
00004b91  sqrtl                          
00004e25  __aeabi_ddiv                   
00005081  fputs                          
00005195  ldexp                          
00005195  ldexpl                         
00005195  scalbn                         
00005195  scalbnl                        
000052a5  aligned_alloc                  
000052a5  memalign                       
000053a5  __aeabi_dmul                   
000054a1  floor                          
000054a1  floorl                         
00005599  free                           
0000567d  setvbuf                        
00005759  adc_init                       
000057cb  adc_read                       
000058cf  __aeabi_memcpy                 
000058cf  __aeabi_memcpy4                
000058cf  __aeabi_memcpy8                
000058cf  memcpy                         
0000596b  __aeabi_uldivmod               
00005a01  fputc                          
00005a01  putc                           
00005a8d  __aeabi_cdcmpeq                
00005a8d  __aeabi_cdcmple                
00005b13  __aeabi_cdrcmple               
00005b99  __aeabi_memclr                 
00005b99  __aeabi_memclr4                
00005b99  __aeabi_memclr8                
00005b9b  __aeabi_memset                 
00005b9b  __aeabi_memset4                
00005b9b  __aeabi_memset8                
00005ba1  memset                         
00005c15  __TI_closefile                 
00005d67  __aeabi_d2f                    
00005dd5  HOSTrename                     
00005e41  HOSTlseek                      
00005ea9  __TI_decompress_lzss           
00005f11  printf                         
00005f79  frexp                          
00005f79  frexpl                         
00005fdd  fseek                          
00006041  __TI_wrt_ok                    
000060a5  HOSTopen                       
00006105  close                          
00006161  HOSTread                       
000061b9  HOSTwrite                      
00006267  __TI_ltoa                      
0000630d  __TI_doflush                   
00006359  atoi                           
000063a5  exit                           
000063ed  __aeabi_d2iz                   
00006435  HOSTclose                      
00006479  HOSTunlink                     
000064bd  __TI_auto_init_nobinit_nopinit 
00006501  getdevice                      
00006545  load_songs                     
00006585  sprintf                        
000065c5  vsnprintf                      
00006645  __TI_writemsg                  
00006673  C$$IO$$                        
0000667d  calloc                         
000066b5  __aeabi_f2d                    
000066ed  strncpy                        
00006725  IntRegister                    
00006759  __TI_cleanup                   
0000678d  __TI_readmsg                   
000067c1  _c_int00_noargs                
00006825  finddevice                     
00006855  __aeabi_i2d                    
00006885  remove                         
00006885  unlink                         
000068d9  lseek                          
00006901  write                          
00006929  memchr                         
00006965  memccpy                        
00006981  copysign                       
00006981  copysignl                      
000069cb  oi_parseInt                    
000069e3  strcmp                         
000069fb  strchr                         
00006a11  strcpy                         
00006a25  strlen                         
00006a39  wcslen                         
00006a4b  IntMasterEnable                
00006a5b  lcd_clear                      
00006a6b  __TI_decompress_none           
00006a79  CPUcpsie                       
00006a85  __TI_zero_init                 
00006a91  ResetISR                       
00006aa9  __aeabi_errno_addr             
00006ab1  malloc                         
00006ac1  _system_pre_init               
00006ac5  C$$EXIT                        
00006ac5  abort                          
00006c20  _ctypes_                       
00006e74  __TI_Handler_Table_Base        
00006e80  __TI_Handler_Table_Limit       
00006e90  __TI_CINIT_Base                
00006ea8  __TI_CINIT_Limit               
20000000  __start___llvm_prf_cnts        
20000000  __stop___llvm_prf_cnts         
20000000  g_pfnRAMVectors                
20000270  __stack                        
20000470  __STACK_TOP                    
20000a70  __STACK_END                    
20000a70  _sys_memory                    
20000e70  __CIOBUF_                      
20000f90  __TI_tmpnams                   
2000109c  parmbuf                        
200010a4  _timeout_ticks                 
200010a8  falling_time                   
200010ac  pulse_width                    
200010b0  rising_time                    
200010b4  uart_event                     
200010b8  state                          
200010b9  uart_typed                     
200010bc  _ftable                        
200011ac  _device                        
20001224  _stream                        
20001274  motor_cal_factor_L             
20001278  motor_cal_factor_R             
20001294  __TI_ft_end                    
20001298  __aeabi_stdin                  
2000129c  __aeabi_stdout                 
200012a0  __aeabi_stderr                 
200012a4  __TI_cleanup_ptr               
200012a8  __TI_dtors_ptr                 
200012ac  __TI_enable_exit_profile_output
200012b0  _lock                          
200012b4  _unlock                        
200012c0  errno                          
200012c4  _running                       
ffffffff  __TI_pprof_out_hndl            
ffffffff  __TI_prof_data_size            
ffffffff  __TI_prof_data_start           
ffffffff  __binit__                      
ffffffff  __c_args__                     
ffffffff  binit                          
UNDEFED   __mpu_init                     
UNDEFED   _system_post_cinit             

[217 symbols]
